/*
 * No Refs Demo
 *
 * A sample API that uses no refs
 *
 * OpenAPI spec version: 1.0.0
 * 
 * Generated by: https://principle.tools
 */
#nullable enable
#nullable disable warnings

namespace PS.Controller
{ 
    /// <summary>
    public abstract class PhotoIdControllerBase : global::Microsoft.AspNetCore.Mvc.ControllerBase
    {
        
        /// <param name="id"></param>
        [global::Microsoft.AspNetCore.Mvc.HttpGet]
        [global::Microsoft.AspNetCore.Mvc.Route("/photo/{id}")]
        // unexpected error
        [global::Microsoft.AspNetCore.Mvc.ProducesDefaultResponseType(typeof(GetPhotoOtherResponse))] // application/json
        // 
        [global::Microsoft.AspNetCore.Mvc.ProducesResponseType(200, Type = typeof(global::System.IO.Stream))] // application/octet-stream
        public async global::System.Threading.Tasks.Task<global::Microsoft.AspNetCore.Mvc.IActionResult> GetPhoto(
            [global::Microsoft.AspNetCore.Mvc.FromRoute(Name = "id"), global::System.ComponentModel.DataAnnotations.Required] string id
        ) => (await GetPhotoTypeSafe(id)).ActionResult;

        protected abstract global::System.Threading.Tasks.Task<TypeSafeGetPhotoResult> GetPhotoTypeSafe(
            string id);

        public readonly struct TypeSafeGetPhotoResult
        {
            public readonly global::Microsoft.AspNetCore.Mvc.IActionResult ActionResult;

            private TypeSafeGetPhotoResult(global::Microsoft.AspNetCore.Mvc.IActionResult ActionResult)
            {
                this.ActionResult = ActionResult;
            }

            private TypeSafeGetPhotoResult(int statusCode)
                : this(new global::Microsoft.AspNetCore.Mvc.StatusCodeResult(statusCode))
            {
            }

            private TypeSafeGetPhotoResult(int statusCode, string mediaType, global::System.Type declaredType, object? resultObject)
                : this(new global::Microsoft.AspNetCore.Mvc.ObjectResult(resultObject)
                {
                    ContentTypes = new global::Microsoft.AspNetCore.Mvc.Formatters.MediaTypeCollection { { new global::Microsoft.Net.Http.Headers.MediaTypeHeaderValue(mediaType) } },
                    DeclaredType = declaredType,
                    StatusCode = statusCode
                })
            {
            }
            
            
            public static TypeSafeGetPhotoResult ApplicationOctetStreamStatusCode200(global::System.IO.Stream result) =>
                new TypeSafeGetPhotoResult(200, "application/octet-stream", typeof(global::System.IO.Stream), result);
            
            
            public static TypeSafeGetPhotoResult ApplicationJsonOtherStatusCode(int statusCode, GetPhotoOtherResponse result) =>
                new TypeSafeGetPhotoResult(statusCode, "application/json", typeof(GetPhotoOtherResponse), result);
            

            /// <summary>Allows for action results not specified in the API</summary>
            public static TypeSafeGetPhotoResult Unsafe(global::Microsoft.AspNetCore.Mvc.IActionResult actionResult) =>
                new TypeSafeGetPhotoResult(actionResult);
        }
    }
}
