/*
 * Swagger Petstore
 *
 * A sample API that uses a petstore as an example to demonstrate features in the OpenAPI 3.0 specification
 *
 * OpenAPI spec version: 1.0.0
 * Contact: apiteam@swagger.io
 * Generated by: https://principle.tools
 */
#nullable enable
#nullable disable warnings

namespace PS.Controller
{ 
    /// <summary>
    public abstract class PetsIdControllerBase : global::Microsoft.AspNetCore.Mvc.ControllerBase
    {
        
        /// <remarks>
        /// Returns a user based on a single ID, if the user does not have access to the pet
        /// </remarks>
        /// <param name="id">ID of pet to fetch</param>
        [global::Microsoft.AspNetCore.Mvc.HttpGet]
        [global::Microsoft.AspNetCore.Mvc.Route("/pets/{id}")]
        // unexpected error
        [global::Microsoft.AspNetCore.Mvc.ProducesDefaultResponseType(typeof(Error))] // application/json
        // pet response
        [global::Microsoft.AspNetCore.Mvc.ProducesResponseType(200, Type = typeof(Pet))] // application/json
        public async global::System.Threading.Tasks.Task<global::Microsoft.AspNetCore.Mvc.IActionResult> FindPetById(
            [global::Microsoft.AspNetCore.Mvc.FromRoute(Name = "id"), global::System.ComponentModel.DataAnnotations.Required] long id
        ) => (await FindPetByIdTypeSafe(id)).ActionResult;

        protected abstract global::System.Threading.Tasks.Task<TypeSafeFindPetByIdResult> FindPetByIdTypeSafe(
            long id);

        public readonly struct TypeSafeFindPetByIdResult
        {
            public readonly global::Microsoft.AspNetCore.Mvc.IActionResult ActionResult;

            private TypeSafeFindPetByIdResult(global::Microsoft.AspNetCore.Mvc.IActionResult ActionResult)
            {
                this.ActionResult = ActionResult;
            }

            private TypeSafeFindPetByIdResult(int statusCode)
                : this(new global::Microsoft.AspNetCore.Mvc.StatusCodeResult(statusCode))
            {
            }

            private TypeSafeFindPetByIdResult(int statusCode, string mediaType, global::System.Type declaredType, object? resultObject)
                : this(new global::Microsoft.AspNetCore.Mvc.ObjectResult(resultObject)
                {
                    ContentTypes = new global::Microsoft.AspNetCore.Mvc.Formatters.MediaTypeCollection { { new global::Microsoft.Net.Http.Headers.MediaTypeHeaderValue(mediaType) } },
                    DeclaredType = declaredType,
                    StatusCode = statusCode
                })
            {
            }
            
            /// <summary>
            /// pet response
            /// </summary>
            public static TypeSafeFindPetByIdResult ApplicationJsonStatusCode200(Pet result) =>
                new TypeSafeFindPetByIdResult(200, "application/json", typeof(Pet), result);
            
            
            public static TypeSafeFindPetByIdResult ApplicationJsonOtherStatusCode(int statusCode, Error result) =>
                new TypeSafeFindPetByIdResult(statusCode, "application/json", typeof(Error), result);
            

            /// <summary>Allows for action results not specified in the API</summary>
            public static TypeSafeFindPetByIdResult Unsafe(global::Microsoft.AspNetCore.Mvc.IActionResult actionResult) =>
                new TypeSafeFindPetByIdResult(actionResult);
        }

        /// <remarks>
        /// deletes a single pet based on the ID supplied
        /// </remarks>
        /// <param name="id">ID of pet to delete</param>
        [global::Microsoft.AspNetCore.Mvc.HttpDelete]
        [global::Microsoft.AspNetCore.Mvc.Route("/pets/{id}")]
        // unexpected error
        [global::Microsoft.AspNetCore.Mvc.ProducesDefaultResponseType(typeof(Error))] // application/json
        // pet deleted

        public async global::System.Threading.Tasks.Task<global::Microsoft.AspNetCore.Mvc.IActionResult> DeletePet(
            [global::Microsoft.AspNetCore.Mvc.FromRoute(Name = "id"), global::System.ComponentModel.DataAnnotations.Required] long id
        ) => (await DeletePetTypeSafe(id)).ActionResult;

        protected abstract global::System.Threading.Tasks.Task<TypeSafeDeletePetResult> DeletePetTypeSafe(
            long id);

        public readonly struct TypeSafeDeletePetResult
        {
            public readonly global::Microsoft.AspNetCore.Mvc.IActionResult ActionResult;

            private TypeSafeDeletePetResult(global::Microsoft.AspNetCore.Mvc.IActionResult ActionResult)
            {
                this.ActionResult = ActionResult;
            }

            private TypeSafeDeletePetResult(int statusCode)
                : this(new global::Microsoft.AspNetCore.Mvc.StatusCodeResult(statusCode))
            {
            }

            private TypeSafeDeletePetResult(int statusCode, string mediaType, global::System.Type declaredType, object? resultObject)
                : this(new global::Microsoft.AspNetCore.Mvc.ObjectResult(resultObject)
                {
                    ContentTypes = new global::Microsoft.AspNetCore.Mvc.Formatters.MediaTypeCollection { { new global::Microsoft.Net.Http.Headers.MediaTypeHeaderValue(mediaType) } },
                    DeclaredType = declaredType,
                    StatusCode = statusCode
                })
            {
            }
            
            
            public static TypeSafeDeletePetResult ApplicationJsonOtherStatusCode(int statusCode, Error result) =>
                new TypeSafeDeletePetResult(statusCode, "application/json", typeof(Error), result);
            

            /// <summary>Allows for action results not specified in the API</summary>
            public static TypeSafeDeletePetResult Unsafe(global::Microsoft.AspNetCore.Mvc.IActionResult actionResult) =>
                new TypeSafeDeletePetResult(actionResult);
        }
    }
}
