/*
 * Rock Paper Scissors
 *
 * A sample API that uses enums to play rock-paper-scissors
 *
 * OpenAPI spec version: 1.0.0
 * 
 * Generated by: https://principle.tools
 */
#nullable enable
#nullable disable warnings
#pragma warning disable

namespace PS.Controller
{ 
    [global::Newtonsoft.Json.JsonConverter(typeof(global::Newtonsoft.Json.Converters.StringEnumConverter))]
    [global::System.ComponentModel.TypeConverterAttribute(typeof(OptionEnumConverter<Option>))]
    public enum Option
    {
        /// <summary>
        /// Enum Rock for rock
        /// </summary>
        [global::System.Runtime.Serialization.EnumMember(Value = "rock")]
        Rock = 0,

        /// <summary>
        /// Enum Paper for paper
        /// </summary>
        [global::System.Runtime.Serialization.EnumMember(Value = "paper")]
        Paper = 1,

        /// <summary>
        /// Enum Scissors for scissors
        /// </summary>
        [global::System.Runtime.Serialization.EnumMember(Value = "scissors")]
        Scissors = 2,

    }

    public class OptionEnumConverter : TypeConverter
    {
        public override object ConvertFrom(ITypeDescriptorContext context, CultureInfo culture, object value)
        {
            var s = value as string;
            if (string.IsNullOrEmpty(s))
            {
                return null;
            }

            return JsonConvert.DeserializeObject<Option>(@"""" + value.ToString() + @"""");
        }
    }
}
