/*
 * Headers Sample
 *
 * A sample API that demonstrates header parameters/responses
 *
 * OpenAPI spec version: 1.0.0
 * 
 * Generated by: https://principle.tools
 */
#nullable enable
#nullable disable warnings

namespace PS.Controller
{ 
    /// <summary>
    public abstract class InfoControllerBase : global::Microsoft.AspNetCore.Mvc.ControllerBase
    {
        
        /// <param name="xData">base-64 encoded data</param>
        [global::Microsoft.AspNetCore.Mvc.HttpGet]
        [global::Microsoft.AspNetCore.Mvc.Route("/info")]
        // Another Response
        [global::Microsoft.AspNetCore.Mvc.ProducesDefaultResponseType()] // 
        // Sample Response
        [global::Microsoft.AspNetCore.Mvc.ProducesResponseType(200, Type = typeof(global::System.Collections.Generic.Dictionary<string, string>))] // application/json
        // Sample Response
        [global::Microsoft.AspNetCore.Mvc.ProducesResponseType(204)] // 
        public async global::System.Threading.Tasks.Task<global::Microsoft.AspNetCore.Mvc.IActionResult> GetInfo(
            [global::Microsoft.AspNetCore.Mvc.FromHeader(Name = "X-Data"), global::System.ComponentModel.DataAnnotations.Required] byte[] xData
        ) => (await GetInfoTypeSafe(xData)).ActionResult;

        protected abstract global::System.Threading.Tasks.Task<TypeSafeGetInfoResult> GetInfoTypeSafe(
            byte[] xData);

        public readonly struct TypeSafeGetInfoResult
        {
            public readonly global::Microsoft.AspNetCore.Mvc.IActionResult ActionResult;

            private class HeaderActionResult : global::Microsoft.AspNetCore.Mvc.IActionResult
            {
                private readonly global::Microsoft.AspNetCore.Mvc.IActionResult original;
                private readonly global::System.Collections.Generic.IEnumerable<global::System.Collections.Generic.KeyValuePair<string, string>> headers;

                public HeaderActionResult(global::Microsoft.AspNetCore.Mvc.IActionResult original, global::System.Collections.Generic.IEnumerable<global::System.Collections.Generic.KeyValuePair<string, string>> headers)
                {
                    this.original = original;
                    this.headers = headers;
                }

                public global::System.Threading.Tasks.Task ExecuteResultAsync(global::Microsoft.AspNetCore.Mvc.ActionContext context)
                {
                    foreach (var header in headers)
                        context.HttpContext.Response.Headers[header.Key] = global::Microsoft.Extensions.Primitives.StringValues.Concat(context.HttpContext.Response.Headers[header.Key], header.Value);
                    return original.ExecuteResultAsync(context);
                }
            }

            private TypeSafeGetInfoResult(global::Microsoft.AspNetCore.Mvc.IActionResult ActionResult, global::System.Collections.Generic.KeyValuePair<string, string>[] headers)
            {
                this.ActionResult = new HeaderActionResult(ActionResult, headers);
            }

            private TypeSafeGetInfoResult(int statusCode, params global::System.Collections.Generic.KeyValuePair<string, string>[] headers)
                : this(new global::Microsoft.AspNetCore.Mvc.StatusCodeResult(statusCode), headers)
            {
            }

            private TypeSafeGetInfoResult(int statusCode, string mediaType, global::System.Type declaredType, object? resultObject, params global::System.Collections.Generic.KeyValuePair<string, string>[] headers)
                : this(new global::Microsoft.AspNetCore.Mvc.ObjectResult(resultObject)
                {
                    ContentTypes = new global::Microsoft.AspNetCore.Mvc.Formatters.MediaTypeCollection { { new global::Microsoft.Net.Http.Headers.MediaTypeHeaderValue(mediaType) } },
                    DeclaredType = declaredType,
                    StatusCode = statusCode
                }, headers)
            {
            }
            
            /// <summary>
            /// Sample Response
            /// </summary>
            public static TypeSafeGetInfoResult _Ok(global::System.Collections.Generic.Dictionary<string, string> result,
                string headerXData) =>
                new TypeSafeGetInfoResult(200, "application/json", typeof(global::System.Collections.Generic.Dictionary<string, string>), result,
                    new global::System.Collections.Generic.KeyValuePair<string, string>("X-Data", headerXData));
            
            /// <summary>
            /// Sample Response
            /// </summary>
            public static TypeSafeGetInfoResult _NoContent(string headerXData) =>
                new TypeSafeGetInfoResult(204,
                    new global::System.Collections.Generic.KeyValuePair<string, string>("X-Data", headerXData));
            
            
            public static TypeSafeGetInfoResult OtherStatusCode(int statusCode,
                string headerXData,
                string headerXDiag) =>
                new TypeSafeGetInfoResult(statusCode,
                    new global::System.Collections.Generic.KeyValuePair<string, string>("X-Data", headerXData),
                    new global::System.Collections.Generic.KeyValuePair<string, string>("X-Diag", headerXDiag));
            

            /// <summary>Allows for action results not specified in the API</summary>
            public static TypeSafeGetInfoResult Unsafe(global::Microsoft.AspNetCore.Mvc.IActionResult actionResult, params global::System.Collections.Generic.KeyValuePair<string, string>[] headers) =>
                new TypeSafeGetInfoResult(actionResult, headers);
        }
    }
}
