/*
 * Headers Sample
 *
 * A sample API that demonstrates header parameters/responses
 *
 * OpenAPI spec version: 1.0.0
 * 
 * Generated by: https://principle.tools
 */
#nullable enable
#nullable disable warnings

namespace PS.Controller
{ 
    /// <summary>
    public abstract class RedirectControllerBase : global::Microsoft.AspNetCore.Mvc.ControllerBase
    {
        
        [global::Microsoft.AspNetCore.Mvc.HttpGet]
        [global::Microsoft.AspNetCore.Mvc.Route("/redirect")]
        // Redirection Response
        [global::Microsoft.AspNetCore.Mvc.ProducesResponseType(302)] // 
        public async global::System.Threading.Tasks.Task<global::Microsoft.AspNetCore.Mvc.IActionResult> _Redirect(
            
        ) => (await _RedirectTypeSafe()).ActionResult;

        protected abstract global::System.Threading.Tasks.Task<TypeSafe_RedirectResult> _RedirectTypeSafe();

        public readonly struct TypeSafe_RedirectResult
        {
            public readonly global::Microsoft.AspNetCore.Mvc.IActionResult ActionResult;

            private class HeaderActionResult : global::Microsoft.AspNetCore.Mvc.IActionResult
            {
                private readonly global::Microsoft.AspNetCore.Mvc.IActionResult original;
                private readonly global::System.Collections.Generic.IEnumerable<global::System.Collections.Generic.KeyValuePair<string, string>> headers;

                public HeaderActionResult(global::Microsoft.AspNetCore.Mvc.IActionResult original, global::System.Collections.Generic.IEnumerable<global::System.Collections.Generic.KeyValuePair<string, string>> headers)
                {
                    this.original = original;
                    this.headers = headers;
                }

                public global::System.Threading.Tasks.Task ExecuteResultAsync(global::Microsoft.AspNetCore.Mvc.ActionContext context)
                {
                    foreach (var header in headers)
                        context.HttpContext.Response.Headers[header.Key] = global::Microsoft.Extensions.Primitives.StringValues.Concat(context.HttpContext.Response.Headers[header.Key], header.Value);
                    return original.ExecuteResultAsync(context);
                }
            }

            private TypeSafe_RedirectResult(global::Microsoft.AspNetCore.Mvc.IActionResult ActionResult, global::System.Collections.Generic.KeyValuePair<string, string>[] headers)
            {
                this.ActionResult = new HeaderActionResult(ActionResult, headers);
            }

            private TypeSafe_RedirectResult(int statusCode, params global::System.Collections.Generic.KeyValuePair<string, string>[] headers)
                : this(new global::Microsoft.AspNetCore.Mvc.StatusCodeResult(statusCode), headers)
            {
            }

            private TypeSafe_RedirectResult(int statusCode, string mediaType, global::System.Type declaredType, object? resultObject, params global::System.Collections.Generic.KeyValuePair<string, string>[] headers)
                : this(new global::Microsoft.AspNetCore.Mvc.ObjectResult(resultObject)
                {
                    ContentTypes = new global::Microsoft.AspNetCore.Mvc.Formatters.MediaTypeCollection { { new global::Microsoft.Net.Http.Headers.MediaTypeHeaderValue(mediaType) } },
                    DeclaredType = declaredType,
                    StatusCode = statusCode
                }, headers)
            {
            }
            
            /// <summary>
            /// Redirection Response
            /// </summary>
            public static TypeSafe_RedirectResult StatusCode302(string headerLocation) =>
                new TypeSafe_RedirectResult(302,
                    new global::System.Collections.Generic.KeyValuePair<string, string>("Location", headerLocation));
            

            /// <summary>Allows for action results not specified in the API</summary>
            public static TypeSafe_RedirectResult Unsafe(global::Microsoft.AspNetCore.Mvc.IActionResult actionResult, params global::System.Collections.Generic.KeyValuePair<string, string>[] headers) =>
                new TypeSafe_RedirectResult(actionResult, headers);
        }
    }
}
