/*
 * No Refs Demo
 *
 * A sample API that uses no refs
 *
 * OpenAPI spec version: 1.0.0
 * 
 * Generated by: https://principle.tools
 */
#pragma warning disable
#nullable enable
#nullable disable warnings

namespace PS.Controller
{
    public partial record GetPhotoOtherResponse(
        [property: global::System.Text.Json.Serialization.JsonPropertyName("code")][param: global::System.ComponentModel.DataAnnotations.Required] string Code, 
        [property: global::System.Text.Json.Serialization.JsonPropertyName("message")][param: global::System.ComponentModel.DataAnnotations.Required] string Message
    );
}
