/*
 * Nullable vs Optional
 *
 * A sample API that demonstrates the difference between nullable and optional properties
 *
 * OpenAPI spec version: 1.0.0
 * 
 * Generated by: https://principle.tools
 */
#pragma warning disable
#nullable enable
#nullable disable warnings

namespace PS.Controller
{
    public partial record ContrivedResponse(
        [property: global::System.Text.Json.Serialization.JsonPropertyName("nullableOnly")][param: global::System.ComponentModel.DataAnnotations.Required] int? NullableOnly, 
        [property: global::System.Text.Json.Serialization.JsonPropertyName("optionalOnly")][property: global::System.Text.Json.Serialization.JsonIgnore(Condition = global::System.Text.Json.Serialization.JsonIgnoreCondition.WhenWritingDefault)] global::PrincipleStudios.OpenApiCodegen.Json.Extensions.Optional<int>? OptionalOnly, 
        [property: global::System.Text.Json.Serialization.JsonPropertyName("optionalOrNullable")][property: global::System.Text.Json.Serialization.JsonIgnore(Condition = global::System.Text.Json.Serialization.JsonIgnoreCondition.WhenWritingDefault)] global::PrincipleStudios.OpenApiCodegen.Json.Extensions.Optional<int?>? OptionalOrNullable
    );
}
