/*
 * Swagger Petstore
 *
 * This is a sample server Petstore server.  You can find out more about Swagger at [http://swagger.io](http://swagger.io) or on [irc.freenode.net, #swagger](http://swagger.io/irc/).  For this sample, you can use the api key `special-key` to test the authorization filters.
 *
 * OpenAPI spec version: 1.0.0
 * Contact: apiteam@swagger.io
 * Generated by: https://principle.tools
 */
using System;
using System.Linq;
using System.Text;
using System.Collections.Generic;
using System.Runtime.Serialization;
using System.ComponentModel.DataAnnotations;
using Newtonsoft.Json;
#nullable enable
#nullable disable warnings

namespace PS.Controller
{ 
    /// <summary>
    /// Order Status
    /// </summary>
    [JsonConverter(typeof(Newtonsoft.Json.Converters.StringEnumConverter))]
    public enum OrderStatus
    {
        /// <summary>
        /// Enum Placed for placed
        /// </summary>
        [EnumMember(Value = "placed")]
        Placed = 0,

        /// <summary>
        /// Enum Approved for approved
        /// </summary>
        [EnumMember(Value = "approved")]
        Approved = 1,

        /// <summary>
        /// Enum Delivered for delivered
        /// </summary>
        [EnumMember(Value = "delivered")]
        Delivered = 2,

    }
}
