/*
 * Empty Sample
 *
 * A sample API with no paths. Useful for initial stubs.
 *
 * OpenAPI spec version: 1.0.0
 * 
 * Generated by: https://principle.tools
 */
namespace Microsoft.Extensions.DependencyInjection
{
    public static partial class OpenApiControllerRegistrationExtensions
    {
        public static IMvcBuilder AddOpenApiEmptySample(this IServiceCollection services)
        {
            return services.AddControllers().AddNewtonsoftJson();
        }
    }
}
