/*
 * Principle Tech Demo
 *
 * Tech demo for Principle Studios' engineering team
 *
 * OpenAPI spec version: 1.0.0
 * Contact: matt.dekrey@principlestudios.com
 * Generated by: https://principle.tools
 */
#nullable enable
#nullable disable warnings

namespace PS.Controller
{ 
    /// <summary>
    /// Get power flows data
    /// </summary>
    public abstract class PowerControllerBase : global::Microsoft.AspNetCore.Mvc.ControllerBase
    {
        
        /// <summary>
        /// Get information on where electricity is flowing within a virtual home
        /// </summary>
        /// <param name="houseId"></param>
        /// <param name="start"></param>
        /// <param name="end"></param>
        [global::Microsoft.AspNetCore.Mvc.HttpGet]
        [global::Microsoft.AspNetCore.Mvc.Route("/power")]
        // 
        [global::Microsoft.AspNetCore.Mvc.ProducesResponseType(200, Type = typeof(GetPowerFlowsResponse))] // application/json
        // Request range or house id not valid
        [global::Microsoft.AspNetCore.Mvc.ProducesResponseType(400)] // 
        public async global::System.Threading.Tasks.Task<global::Microsoft.AspNetCore.Mvc.IActionResult> GetPowerFlows(
            [global::Microsoft.AspNetCore.Mvc.FromQuery(Name = "houseId"), global::System.ComponentModel.DataAnnotations.Required] global::System.Guid houseId,
            [global::Microsoft.AspNetCore.Mvc.FromQuery(Name = "start")] string? start,
            [global::Microsoft.AspNetCore.Mvc.FromQuery(Name = "end")] string? end
        ) => (await GetPowerFlowsTypeSafe(houseId,start,end)).ActionResult;

        protected abstract global::System.Threading.Tasks.Task<TypeSafeGetPowerFlowsResult> GetPowerFlowsTypeSafe(
            global::System.Guid houseId, 
            string? start, 
            string? end);

        public readonly struct TypeSafeGetPowerFlowsResult
        {
            public readonly global::Microsoft.AspNetCore.Mvc.IActionResult ActionResult;

            private class HeaderActionResult : global::Microsoft.AspNetCore.Mvc.IActionResult
            {
                private readonly global::Microsoft.AspNetCore.Mvc.IActionResult original;
                private readonly global::System.Collections.Generic.IEnumerable<global::System.Collections.Generic.KeyValuePair<string, string>> headers;

                public HeaderActionResult(global::Microsoft.AspNetCore.Mvc.IActionResult original, global::System.Collections.Generic.IEnumerable<global::System.Collections.Generic.KeyValuePair<string, string>> headers)
                {
                    this.original = original;
                    this.headers = headers;
                }

                public global::System.Threading.Tasks.Task ExecuteResultAsync(global::Microsoft.AspNetCore.Mvc.ActionContext context)
                {
                    foreach (var header in headers)
                        context.HttpContext.Response.Headers[header.Key] = global::Microsoft.Extensions.Primitives.StringValues.Concat(context.HttpContext.Response.Headers[header.Key], header.Value);
                    return original.ExecuteResultAsync(context);
                }
            }

            private TypeSafeGetPowerFlowsResult(global::Microsoft.AspNetCore.Mvc.IActionResult ActionResult, global::System.Collections.Generic.KeyValuePair<string, string>[] headers)
            {
                this.ActionResult = new HeaderActionResult(ActionResult, headers);
            }

            private TypeSafeGetPowerFlowsResult(int statusCode, params global::System.Collections.Generic.KeyValuePair<string, string>[] headers)
                : this(new global::Microsoft.AspNetCore.Mvc.StatusCodeResult(statusCode), headers)
            {
            }

            private TypeSafeGetPowerFlowsResult(int statusCode, string mediaType, global::System.Type declaredType, object? resultObject, params global::System.Collections.Generic.KeyValuePair<string, string>[] headers)
                : this(new global::Microsoft.AspNetCore.Mvc.ObjectResult(resultObject)
                {
                    ContentTypes = new global::Microsoft.AspNetCore.Mvc.Formatters.MediaTypeCollection { { new global::Microsoft.Net.Http.Headers.MediaTypeHeaderValue(mediaType) } },
                    DeclaredType = declaredType,
                    StatusCode = statusCode
                }, headers)
            {
            }
            
            
            public static TypeSafeGetPowerFlowsResult _Ok(GetPowerFlowsResponse result) =>
                new TypeSafeGetPowerFlowsResult(200, "application/json", typeof(GetPowerFlowsResponse), result);
            
            /// <summary>
            /// Request range or house id not valid
            /// </summary>
            public static TypeSafeGetPowerFlowsResult _BadRequest() =>
                new TypeSafeGetPowerFlowsResult(400);
            

            /// <summary>Allows for action results not specified in the API</summary>
            public static TypeSafeGetPowerFlowsResult Unsafe(global::Microsoft.AspNetCore.Mvc.IActionResult actionResult, params global::System.Collections.Generic.KeyValuePair<string, string>[] headers) =>
                new TypeSafeGetPowerFlowsResult(actionResult, headers);
        }
    }
}
