/*
 * Self-ref
 *
 * A sample API that demonstrates a self-referencing object
 *
 * OpenAPI spec version: 1.0.0
 * 
 * Generated by: https://principle.tools
 */
#pragma warning disable
#nullable enable
#nullable disable warnings

namespace PS.Controller
{
    public partial record Target(
        [property: global::System.Text.Json.Serialization.JsonPropertyName("target")][property: global::System.Text.Json.Serialization.JsonIgnore(Condition = global::System.Text.Json.Serialization.JsonIgnoreCondition.WhenWritingDefault)] global::PrincipleStudios.OpenApiCodegen.Json.Extensions.Optional<Target>? _Target, 
        [property: global::System.Text.Json.Serialization.JsonPropertyName("id")][param: global::System.ComponentModel.DataAnnotations.Required] double Id
    );
}
