/*
 * No Refs Demo
 *
 * A sample API that uses no refs
 *
 * OpenAPI spec version: 1.0.0
 * 
 * Generated by: https://principle.tools
 */
#nullable enable
#nullable disable warnings
#pragma warning disable

namespace PS.Controller
{ 
    public abstract class AddressControllerBase : global::Microsoft.AspNetCore.Mvc.ControllerBase
    {
        
        /// <param name="lookupRecordBody"></param>
        [global::Microsoft.AspNetCore.Mvc.HttpPost]
        [global::Microsoft.AspNetCore.Mvc.Route("/address")]
        [global::Microsoft.AspNetCore.Mvc.Consumes("application/json")]
        // unexpected error
        [global::Microsoft.AspNetCore.Mvc.ProducesDefaultResponseType(typeof(LookupRecordOtherResponse))] // application/json
        // OK
        [global::Microsoft.AspNetCore.Mvc.ProducesResponseType(200, Type = typeof(LookupRecordResponse))] // application/json
        // Conflict
        [global::Microsoft.AspNetCore.Mvc.ProducesResponseType(409, Type = typeof(LookupRecordConflictResponse))] // application/json
        public async global::System.Threading.Tasks.Task<global::Microsoft.AspNetCore.Mvc.IActionResult> LookupRecordTypeSafeEntry(
            [global::Microsoft.AspNetCore.Mvc.FromBody, global::System.ComponentModel.DataAnnotations.Required] LookupRecordRequest lookupRecordBody
        ) => (await LookupRecord(lookupRecordBody)).ActionResult;

        protected abstract global::System.Threading.Tasks.Task<LookupRecordActionResult> LookupRecord(
            LookupRecordRequest lookupRecordBody);

        public readonly struct LookupRecordActionResult
        {
            public readonly global::Microsoft.AspNetCore.Mvc.IActionResult ActionResult;

            private class HeaderActionResult : global::Microsoft.AspNetCore.Mvc.IActionResult
            {
                private readonly global::Microsoft.AspNetCore.Mvc.IActionResult original;
                private readonly global::System.Collections.Generic.IEnumerable<global::System.Collections.Generic.KeyValuePair<string, string>> headers;

                public HeaderActionResult(global::Microsoft.AspNetCore.Mvc.IActionResult original, global::System.Collections.Generic.IEnumerable<global::System.Collections.Generic.KeyValuePair<string, string>> headers)
                {
                    this.original = original;
                    this.headers = headers;
                }

                public global::System.Threading.Tasks.Task ExecuteResultAsync(global::Microsoft.AspNetCore.Mvc.ActionContext context)
                {
                    foreach (var header in headers)
                        context.HttpContext.Response.Headers[header.Key] = global::Microsoft.Extensions.Primitives.StringValues.Concat(context.HttpContext.Response.Headers[header.Key], header.Value);
                    return original.ExecuteResultAsync(context);
                }
            }

            private LookupRecordActionResult(global::Microsoft.AspNetCore.Mvc.IActionResult ActionResult, global::System.Collections.Generic.KeyValuePair<string, string>[] headers)
            {
                this.ActionResult = new HeaderActionResult(ActionResult, headers);
            }

            private LookupRecordActionResult(int statusCode, params global::System.Collections.Generic.KeyValuePair<string, string>[] headers)
                : this(new global::Microsoft.AspNetCore.Mvc.StatusCodeResult(statusCode), headers)
            {
            }

            private LookupRecordActionResult(int statusCode, string mediaType, global::System.Type declaredType, object? resultObject, params global::System.Collections.Generic.KeyValuePair<string, string>[] headers)
                : this(new global::Microsoft.AspNetCore.Mvc.ObjectResult(resultObject)
                {
                    ContentTypes = new global::Microsoft.AspNetCore.Mvc.Formatters.MediaTypeCollection { { new global::Microsoft.Net.Http.Headers.MediaTypeHeaderValue(mediaType) } },
                    DeclaredType = declaredType,
                    StatusCode = statusCode
                }, headers)
            {
            }
            
            /// <summary>
            /// OK
            /// </summary>
            public static LookupRecordActionResult Ok(LookupRecordResponse result) =>
                new LookupRecordActionResult(200, "application/json", typeof(LookupRecordResponse), result);
            
            /// <summary>
            /// Conflict
            /// </summary>
            public static LookupRecordActionResult Conflict(LookupRecordConflictResponse result) =>
                new LookupRecordActionResult(409, "application/json", typeof(LookupRecordConflictResponse), result);
            
            
            public static LookupRecordActionResult OtherStatusCode(int statusCode, LookupRecordOtherResponse result) =>
                new LookupRecordActionResult(statusCode, "application/json", typeof(LookupRecordOtherResponse), result);
            

            /// <summary>Allows for action results not specified in the API</summary>
            public static LookupRecordActionResult Unsafe(global::Microsoft.AspNetCore.Mvc.IActionResult actionResult, params global::System.Collections.Generic.KeyValuePair<string, string>[] headers) =>
                new LookupRecordActionResult(actionResult, headers);
        }
    }
}
