/*
 * No Refs Demo
 *
 * A sample API that uses no refs
 *
 * OpenAPI spec version: 1.0.0
 * 
 * Generated by: https://principle.tools
 */
using System;
using System.Linq;
using System.Text;
using System.Collections.Generic;
using System.Runtime.Serialization;
using System.ComponentModel.DataAnnotations;
using Newtonsoft.Json;
#nullable enable
#nullable disable warnings

namespace PS.Controller
{ 
    public partial class LookupRecordOtherResponse : global::System.IEquatable<LookupRecordOtherResponse>
    {
        public LookupRecordOtherResponse(
            [global::Newtonsoft.Json.JsonProperty(PropertyName="code"), global::System.ComponentModel.DataAnnotations.Required] string Code, 
            [global::Newtonsoft.Json.JsonProperty(PropertyName="message"), global::System.ComponentModel.DataAnnotations.Required] string Message
        ) { 
            this.Code = Code;
            this.Message = Message;
        }

        /// <summary>
        /// Gets Code
        /// </summary>
        [global::System.ComponentModel.DataAnnotations.Required]
        [global::Newtonsoft.Json.JsonProperty(PropertyName="code")]
        public string Code { get; }

        /// <summary>
        /// Gets Message
        /// </summary>
        [global::System.ComponentModel.DataAnnotations.Required]
        [global::Newtonsoft.Json.JsonProperty(PropertyName="message")]
        public string Message { get; }

        public override bool Equals(object obj)
        {
            if (obj is null) return false;
            if (ReferenceEquals(this, obj)) return true;
            return obj.GetType() == GetType() && Equals((LookupRecordOtherResponse)obj);
        }

        public bool Equals(LookupRecordOtherResponse other)
        {
            if (other is null) return false;
            if (ReferenceEquals(this, other)) return true;

            return (
                Code == other.Code ||
                Code.Equals(other.Code)
            ) && (
                Message == other.Message ||
                Message.Equals(other.Message)
            );
        }

        /// <summary>
        /// Gets the hash code
        /// </summary>
        /// <returns>Hash code</returns>
        public override int GetHashCode()
        {
            unchecked // Overflow is fine, just wrap
            {
                var hashCode = 41;
                hashCode = hashCode * 59 + Code.GetHashCode();
                hashCode = hashCode * 59 + Message.GetHashCode();
                return hashCode;
            }
        }
    }
}
