/*
 * Path with multiple variables Demo
 *
 * A sample API document that has multiple variables in the path
 *
 * OpenAPI spec version: 1.0.0
 * 
 * Generated by: https://principle.tools
 */
#nullable enable
#nullable disable warnings
#pragma warning disable

namespace PS.Controller
{ 
    public abstract class PhotoIdSizeControllerBase : global::Microsoft.AspNetCore.Mvc.ControllerBase
    {
        
        /// <param name="id"></param>
        /// <param name="size"></param>
        [global::Microsoft.AspNetCore.Mvc.HttpGet]
        [global::Microsoft.AspNetCore.Mvc.Route("/photo/{id}/{size}")]
        // Photo was found and resized
        [global::Microsoft.AspNetCore.Mvc.ProducesResponseType(200, Type = typeof(global::System.IO.Stream))] // application/octet-stream
        public async global::System.Threading.Tasks.Task<global::Microsoft.AspNetCore.Mvc.IActionResult> GetPhotoTypeSafeEntry(
            [global::Microsoft.AspNetCore.Mvc.FromRoute(Name = "id"), global::System.ComponentModel.DataAnnotations.Required] string id,
            [global::Microsoft.AspNetCore.Mvc.FromRoute(Name = "size"), global::System.ComponentModel.DataAnnotations.Required] int size
        ) => (await GetPhoto(id,size)).ActionResult;

        protected abstract global::System.Threading.Tasks.Task<GetPhotoActionResult> GetPhoto(
            string id, 
            int size);

        public readonly struct GetPhotoActionResult
        {
            public readonly global::Microsoft.AspNetCore.Mvc.IActionResult ActionResult;

            private class HeaderActionResult : global::Microsoft.AspNetCore.Mvc.IActionResult
            {
                private readonly global::Microsoft.AspNetCore.Mvc.IActionResult original;
                private readonly global::System.Collections.Generic.IEnumerable<global::System.Collections.Generic.KeyValuePair<string, string>> headers;

                public HeaderActionResult(global::Microsoft.AspNetCore.Mvc.IActionResult original, global::System.Collections.Generic.IEnumerable<global::System.Collections.Generic.KeyValuePair<string, string>> headers)
                {
                    this.original = original;
                    this.headers = headers;
                }

                public global::System.Threading.Tasks.Task ExecuteResultAsync(global::Microsoft.AspNetCore.Mvc.ActionContext context)
                {
                    foreach (var header in headers)
                        context.HttpContext.Response.Headers[header.Key] = global::Microsoft.Extensions.Primitives.StringValues.Concat(context.HttpContext.Response.Headers[header.Key], header.Value);
                    return original.ExecuteResultAsync(context);
                }
            }

            private GetPhotoActionResult(global::Microsoft.AspNetCore.Mvc.IActionResult ActionResult, global::System.Collections.Generic.KeyValuePair<string, string>[] headers)
            {
                this.ActionResult = new HeaderActionResult(ActionResult, headers);
            }

            private GetPhotoActionResult(int statusCode, params global::System.Collections.Generic.KeyValuePair<string, string>[] headers)
                : this(new global::Microsoft.AspNetCore.Mvc.StatusCodeResult(statusCode), headers)
            {
            }

            private GetPhotoActionResult(int statusCode, string mediaType, global::System.Type declaredType, object? resultObject, params global::System.Collections.Generic.KeyValuePair<string, string>[] headers)
                : this(new global::Microsoft.AspNetCore.Mvc.ObjectResult(resultObject)
                {
                    ContentTypes = new global::Microsoft.AspNetCore.Mvc.Formatters.MediaTypeCollection { { new global::Microsoft.Net.Http.Headers.MediaTypeHeaderValue(mediaType) } },
                    DeclaredType = declaredType,
                    StatusCode = statusCode
                }, headers)
            {
            }
            
            /// <summary>
            /// Photo was found and resized
            /// </summary>
            public static GetPhotoActionResult Ok(global::System.IO.Stream result) =>
                new GetPhotoActionResult(200, "application/octet-stream", typeof(global::System.IO.Stream), result);
            

            /// <summary>Allows for action results not specified in the API</summary>
            public static GetPhotoActionResult Unsafe(global::Microsoft.AspNetCore.Mvc.IActionResult actionResult, params global::System.Collections.Generic.KeyValuePair<string, string>[] headers) =>
                new GetPhotoActionResult(actionResult, headers);
        }
    }
}
