/*
 * Swagger Petstore
 *
 * This is a sample server Petstore server.  You can find out more about Swagger at [http://swagger.io](http://swagger.io) or on [irc.freenode.net, #swagger](http://swagger.io/irc/).  For this sample, you can use the api key `special-key` to test the authorization filters.
 *
 * OpenAPI spec version: 1.0.0
 * Contact: apiteam@swagger.io
 * Generated by: https://principle.tools
 */
#nullable enable
#nullable disable warnings
#pragma warning disable

namespace PrincipleStudios.Test
{ 
    public abstract class StoreOrderControllerBase : global::Microsoft.AspNetCore.Mvc.ControllerBase
    {
        
        /// <summary>
        /// Place an order for a pet
        /// </summary>
        /// <param name="placeOrderBody"></param>
        [global::Microsoft.AspNetCore.Mvc.HttpPost]
        [global::Microsoft.AspNetCore.Mvc.Route("/store/order")]
        [global::Microsoft.AspNetCore.Mvc.Consumes("application/json")]
        // successful operation
        [global::Microsoft.AspNetCore.Mvc.ProducesResponseType(200, Type = typeof(Order))] // application/xml        [global::Microsoft.AspNetCore.Mvc.ProducesResponseType(200, Type = typeof(Order))] // application/json
        // Invalid Order
        [global::Microsoft.AspNetCore.Mvc.ProducesResponseType(400)] // 
        public async global::System.Threading.Tasks.Task<global::Microsoft.AspNetCore.Mvc.IActionResult> PlaceOrder(
            [global::Microsoft.AspNetCore.Mvc.FromBody, global::System.ComponentModel.DataAnnotations.Required] Order placeOrderBody
        ) => (await PlaceOrderTypeSafe(placeOrderBody)).ActionResult;

        protected abstract global::System.Threading.Tasks.Task<TypeSafePlaceOrderResult> PlaceOrderTypeSafe(
            Order placeOrderBody);

        public readonly struct TypeSafePlaceOrderResult
        {
            public readonly global::Microsoft.AspNetCore.Mvc.IActionResult ActionResult;

            private class HeaderActionResult : global::Microsoft.AspNetCore.Mvc.IActionResult
            {
                private readonly global::Microsoft.AspNetCore.Mvc.IActionResult original;
                private readonly global::System.Collections.Generic.IEnumerable<global::System.Collections.Generic.KeyValuePair<string, string>> headers;

                public HeaderActionResult(global::Microsoft.AspNetCore.Mvc.IActionResult original, global::System.Collections.Generic.IEnumerable<global::System.Collections.Generic.KeyValuePair<string, string>> headers)
                {
                    this.original = original;
                    this.headers = headers;
                }

                public global::System.Threading.Tasks.Task ExecuteResultAsync(global::Microsoft.AspNetCore.Mvc.ActionContext context)
                {
                    foreach (var header in headers)
                        context.HttpContext.Response.Headers[header.Key] = global::Microsoft.Extensions.Primitives.StringValues.Concat(context.HttpContext.Response.Headers[header.Key], header.Value);
                    return original.ExecuteResultAsync(context);
                }
            }

            private TypeSafePlaceOrderResult(global::Microsoft.AspNetCore.Mvc.IActionResult ActionResult, global::System.Collections.Generic.KeyValuePair<string, string>[] headers)
            {
                this.ActionResult = new HeaderActionResult(ActionResult, headers);
            }

            private TypeSafePlaceOrderResult(int statusCode, params global::System.Collections.Generic.KeyValuePair<string, string>[] headers)
                : this(new global::Microsoft.AspNetCore.Mvc.StatusCodeResult(statusCode), headers)
            {
            }

            private TypeSafePlaceOrderResult(int statusCode, string mediaType, global::System.Type declaredType, object? resultObject, params global::System.Collections.Generic.KeyValuePair<string, string>[] headers)
                : this(new global::Microsoft.AspNetCore.Mvc.ObjectResult(resultObject)
                {
                    ContentTypes = new global::Microsoft.AspNetCore.Mvc.Formatters.MediaTypeCollection { { new global::Microsoft.Net.Http.Headers.MediaTypeHeaderValue(mediaType) } },
                    DeclaredType = declaredType,
                    StatusCode = statusCode
                }, headers)
            {
            }
            
            /// <summary>
            /// successful operation
            /// </summary>
            public static TypeSafePlaceOrderResult ApplicationXmlOk(Order result) =>
                new TypeSafePlaceOrderResult(200, "application/xml", typeof(Order), result);
            
            /// <summary>
            /// successful operation
            /// </summary>
            public static TypeSafePlaceOrderResult ApplicationJsonOk(Order result) =>
                new TypeSafePlaceOrderResult(200, "application/json", typeof(Order), result);
            
            /// <summary>
            /// Invalid Order
            /// </summary>
            public static TypeSafePlaceOrderResult BadRequest() =>
                new TypeSafePlaceOrderResult(400);
            

            /// <summary>Allows for action results not specified in the API</summary>
            public static TypeSafePlaceOrderResult Unsafe(global::Microsoft.AspNetCore.Mvc.IActionResult actionResult, params global::System.Collections.Generic.KeyValuePair<string, string>[] headers) =>
                new TypeSafePlaceOrderResult(actionResult, headers);
        }
    }
}
