/*
 * Swagger Petstore
 *
 * This is a sample server Petstore server.  You can find out more about Swagger at [http://swagger.io](http://swagger.io) or on [irc.freenode.net, #swagger](http://swagger.io/irc/).  For this sample, you can use the api key `special-key` to test the authorization filters.
 *
 * OpenAPI spec version: 1.0.0
 * Contact: apiteam@swagger.io
 * Generated by: https://principle.tools
 */
using System;
using System.Collections.Generic;
using System.Threading.Tasks;
using Microsoft.AspNetCore.Authorization;
using Microsoft.AspNetCore.Mvc;
using Newtonsoft.Json;
using System.ComponentModel.DataAnnotations;
#nullable enable
#nullable disable warnings

namespace PrincipleStudios.Test
{ 
    /// <summary>
    public abstract class StoreInventoryControllerBase : ControllerBase
    {
        
        /// <summary>
        /// Returns pet inventories by status
        /// </summary>
        /// <remarks>
        /// Returns a map of status codes to quantities
        /// </remarks>
        [HttpGet]
        [Route("/store/inventory")]
        // successful operation
        [ProducesResponseType(200, Type = typeof(global::System.Collections.Generic.Dictionary<string, int>))] // application/json
        [global::Microsoft.AspNetCore.Authorization.Authorize(AuthenticationSchemes = "api_key")]
        public async Task<IActionResult> GetInventory(
            
        ) => (await GetInventoryTypeSafe()).ActionResult;

        protected abstract Task<TypeSafeGetInventoryResult> GetInventoryTypeSafe();

        public readonly struct TypeSafeGetInventoryResult
        {
            public readonly IActionResult ActionResult;

            private TypeSafeGetInventoryResult(IActionResult ActionResult)
            {
                this.ActionResult = ActionResult;
            }

            private TypeSafeGetInventoryResult(int statusCode)
                : this(new StatusCodeResult(statusCode))
            {
            }

            private TypeSafeGetInventoryResult(int statusCode, string mediaType, Type declaredType, object? resultObject)
                : this(new ObjectResult(resultObject)
                {
                    ContentTypes = new global::Microsoft.AspNetCore.Mvc.Formatters.MediaTypeCollection { { new global::Microsoft.Net.Http.Headers.MediaTypeHeaderValue(mediaType) } },
                    DeclaredType = declaredType,
                    StatusCode = statusCode
                })
            {
            }
            
            /// <summary>
            /// successful operation
            /// </summary>
            public static TypeSafeGetInventoryResult ApplicationJsonStatusCode200(global::System.Collections.Generic.Dictionary<string, int> result) =>
                new TypeSafeGetInventoryResult(200, "application/json", typeof(global::System.Collections.Generic.Dictionary<string, int>), result);
            

            /// <summary>Allows for action results not specified in the API</summary>
            public static TypeSafeGetInventoryResult Unsafe(IActionResult actionResult) =>
                new TypeSafeGetInventoryResult(actionResult);
        }
    }
}
