/*
 * Swagger Petstore
 *
 * This is a sample server Petstore server.  You can find out more about Swagger at [http://swagger.io](http://swagger.io) or on [irc.freenode.net, #swagger](http://swagger.io/irc/).  For this sample, you can use the api key `special-key` to test the authorization filters.
 *
 * OpenAPI spec version: 1.0.0
 * Contact: apiteam@swagger.io
 * Generated by: https://principle.tools
 */
#pragma warning disable
#nullable enable
#nullable disable warnings

namespace PrincipleStudios.Test
{
    public partial record ApiResponse(
        [property: global::System.Text.Json.Serialization.JsonPropertyName("code")][property: global::System.Text.Json.Serialization.JsonIgnore(Condition = global::System.Text.Json.Serialization.JsonIgnoreCondition.WhenWritingDefault)] global::PrincipleStudios.OpenApiCodegen.Json.Extensions.Optional<int>? Code, 
        [property: global::System.Text.Json.Serialization.JsonPropertyName("type")][property: global::System.Text.Json.Serialization.JsonIgnore(Condition = global::System.Text.Json.Serialization.JsonIgnoreCondition.WhenWritingDefault)] global::PrincipleStudios.OpenApiCodegen.Json.Extensions.Optional<string>? Type, 
        [property: global::System.Text.Json.Serialization.JsonPropertyName("message")][property: global::System.Text.Json.Serialization.JsonIgnore(Condition = global::System.Text.Json.Serialization.JsonIgnoreCondition.WhenWritingDefault)] global::PrincipleStudios.OpenApiCodegen.Json.Extensions.Optional<string>? Message
    );
}
