/*
 * Swagger Petstore
 *
 * This is a sample server Petstore server.  You can find out more about Swagger at [http://swagger.io](http://swagger.io) or on [irc.freenode.net, #swagger](http://swagger.io/irc/).  For this sample, you can use the api key `special-key` to test the authorization filters.
 *
 * OpenAPI spec version: 1.0.0
 * Contact: apiteam@swagger.io
 * Generated by: https://principle.tools
 */
using System;
using System.Collections.Generic;
using System.Threading.Tasks;
using Microsoft.AspNetCore.Authorization;
using Microsoft.AspNetCore.Mvc;
using Newtonsoft.Json;
using System.ComponentModel.DataAnnotations;
#nullable enable
#nullable disable warnings

namespace PrincipleStudios.Test
{ 
    /// <summary>
    public abstract class UserControllerBase : ControllerBase
    {
        
        /// <summary>
        /// Create user
        /// </summary>
        /// <remarks>
        /// This can only be done by the logged in user.
        /// </remarks>
        /// <param name="createUserBody"></param>
        [HttpPost]
        [Route("/user")]
        [Consumes("application/json")]
        // successful operation

        public async Task<IActionResult> CreateUser(
            [FromBody, Required] User createUserBody
        ) => (await CreateUserTypeSafe(createUserBody)).ActionResult;

        protected abstract Task<TypeSafeCreateUserResult> CreateUserTypeSafe(
            User createUserBody);

        public readonly struct TypeSafeCreateUserResult
        {
            public readonly IActionResult ActionResult;

            private TypeSafeCreateUserResult(IActionResult ActionResult)
            {
                this.ActionResult = ActionResult;
            }

            private TypeSafeCreateUserResult(int statusCode)
                : this(new StatusCodeResult(statusCode))
            {
            }

            private TypeSafeCreateUserResult(int statusCode, string mediaType, Type declaredType, object? resultObject)
                : this(new ObjectResult(resultObject)
                {
                    ContentTypes = new global::Microsoft.AspNetCore.Mvc.Formatters.MediaTypeCollection { { new global::Microsoft.Net.Http.Headers.MediaTypeHeaderValue(mediaType) } },
                    DeclaredType = declaredType,
                    StatusCode = statusCode
                })
            {
            }
            

            /// <summary>Allows for action results not specified in the API</summary>
            public static TypeSafeCreateUserResult Unsafe(IActionResult actionResult) =>
                new TypeSafeCreateUserResult(actionResult);
        }
    }
}
