/* eslint-disable */
/*
 * Swagger Petstore
 *
 * A sample API that uses a petstore as an example to demonstrate features in the OpenAPI 3.0 specification
 *
 * OpenAPI spec version: 1.0.0
 * Contact: apiteam@swagger.io
 * Generated by: https://principle.tools
 */

/**
 * @export
 * @interface NewPet
 */
export interface NewPet {
    /**
     * @type string
     */
    name: string;
    /**
     * @type string | null
     */
    tag?: string | null;
}
