exports[`operations/getData.ts`] = `/*
 * Self-ref
 *
 * A sample API that demonstrates a self-referencing object
 *
 * OpenAPI spec version: 1.0.0
 * 
 * Generated by: https://principle.tools
 */
import { HttpHeaders, HttpQuery, RequestOpts, ResponseArgs, throwIfNullOrUndefined, encodeURI, RequestConversion, StandardResponse, TransformRequest } from '@principlestudios/openapi-codegen-typescript';
import {
    Target,
} from './../models/Target';

export type RequestParams = {
};
export type RequestBodies = {
};

export type StructuredResponses = {
    /** Gets any kind of JSON data */
    200: {
        'application/json': Target;
    };
};
export type Responses = 
    | StandardResponse<200, 'application/json', Target>;

export function getData(params: RequestParams): RequestOpts;
export function getData(params: RequestParams): RequestOpts {
    throwIfNullOrUndefined(params, 'params');

    const headers: HttpHeaders = {};

    return {
        path: '/data',
        method: 'POST',
        headers,
    };
}

export const responseConversion = (res: ResponseArgs) => ({
        statusCode: [
            200,
        ].indexOf(res.status) === -1 ? 'other' : res.status,
        mimeType: res.getResponseHeader("Content-Type"),
        data: res.response,
        response: res,
    }) as Responses;

export const conversion: RequestConversion<RequestParams, {}, Responses, 'no-body'> = {
    request: getData,
    response: responseConversion,
};

`;

exports[`operations/index.ts`] = `/*
 * Self-ref
 *
 * A sample API that demonstrates a self-referencing object
 *
 * OpenAPI spec version: 1.0.0
 * 
 * Generated by: https://principle.tools
 */
import { conversion as getData } from './getData';

export default {
    getData,
} as const;
`;

exports[`models/Target.ts`] = `/*
 * Self-ref
 *
 * A sample API that demonstrates a self-referencing object
 *
 * OpenAPI spec version: 1.0.0
 * 
 * Generated by: https://principle.tools
 */

/**
 * @export
 * @interface Target
 */
export type Target = {
    /**
     * @type Target | null
     */
    target?: Target | null;
    /**
     * @type number
     */
    id: number;
};
`;

