/*
 * Swagger Petstore
 *
 * This is a sample server Petstore server.  You can find out more about Swagger at [http://swagger.io](http://swagger.io) or on [irc.freenode.net, #swagger](http://swagger.io/irc/).  For this sample, you can use the api key `special-key` to test the authorization filters.
 *
 * OpenAPI spec version: 1.0.0
 * Contact: apiteam@swagger.io
 * Generated by: https://principle.tools
 */

/**
 * @export
 * @interface Order
 */
export type Order = {
    /**
     * @type BigInt
     */
    id?: BigInt;
    /**
     * @type BigInt
     */
    petId?: BigInt;
    /**
     * @type number
     */
    quantity?: number;
    /**
     * @type string
     */
    shipDate?: string;
    /**
     * @type "placed" | "approved" | "delivered"
     */
    status?: "placed" | "approved" | "delivered";
    /**
     * @type boolean
     */
    complete?: boolean;
};
