/*
 * Swagger Petstore
 *
 * A sample API that uses a petstore as an example to demonstrate features in the OpenAPI 3.0 specification
 *
 * OpenAPI spec version: 1.0.0
 * Contact: apiteam@swagger.io
 * Generated by: https://principle.tools
 */
using System;
using System.Linq;
using System.Text;
using System.Collections.Generic;
using System.Runtime.Serialization;
using System.ComponentModel.DataAnnotations;
using Newtonsoft.Json;
#nullable enable
#nullable disable warnings

namespace PrincipleStudios.Test
{ 
    public partial class Error : IEquatable<Error>
    {
        public Error(
            [JsonProperty(PropertyName="code"), Required] int Code, 
            [JsonProperty(PropertyName="message"), Required] string Message
        ) { 
            this.Code = Code;
            this.Message = Message;
        }

        /// <summary>
        /// Gets Code
        /// </summary>
        [Required]
        [JsonProperty(PropertyName="code")]
        public int Code { get; }

        /// <summary>
        /// Gets Message
        /// </summary>
        [Required]
        [JsonProperty(PropertyName="message")]
        public string Message { get; }

        public override bool Equals(object obj)
        {
            if (obj is null) return false;
            if (ReferenceEquals(this, obj)) return true;
            return obj.GetType() == GetType() && Equals((Error)obj);
        }

        public bool Equals(Error other)
        {
            if (other is null) return false;
            if (ReferenceEquals(this, other)) return true;

            return (
                Code == other.Code ||
                Code.Equals(other.Code)
            ) && (
                Message == other.Message ||
                Message.Equals(other.Message)
            );
        }

        /// <summary>
        /// Gets the hash code
        /// </summary>
        /// <returns>Hash code</returns>
        public override int GetHashCode()
        {
            unchecked // Overflow is fine, just wrap
            {
                var hashCode = 41;
                if (Code != null)
                    hashCode = hashCode * 59 + Code.GetHashCode();
                if (Message != null)
                    hashCode = hashCode * 59 + Message.GetHashCode();
                return hashCode;
            }
        }
    }
}
