/*
 * Swagger Petstore
 *
 * A sample API that uses a petstore as an example to demonstrate features in the OpenAPI 3.0 specification
 *
 * OpenAPI spec version: 1.0.0
 * Contact: apiteam@swagger.io
 * Generated by: https://principle.tools
 */
using System;
using System.Linq;
using System.Text;
using System.Collections.Generic;
using System.Runtime.Serialization;
using System.ComponentModel.DataAnnotations;
using Newtonsoft.Json;
#nullable enable
#nullable disable warnings

namespace PrincipleStudios.Test
{ 
    public partial class Pet : IEquatable<Pet>
    {
        public Pet(
            [JsonProperty(PropertyName="name"), Required] string Name, 
            [JsonProperty(PropertyName="tag")] string? Tag, 
            [JsonProperty(PropertyName="id"), Required] long Id
        ) { 
            this.Name = Name;
            this.Tag = Tag;
            this.Id = Id;
        }

        /// <summary>
        /// Gets Name
        /// </summary>
        [Required]
        [JsonProperty(PropertyName="name")]
        public string Name { get; }

        /// <summary>
        /// Gets Tag
        /// </summary>
        [JsonProperty(PropertyName="tag")]
        public string? Tag { get; }

        /// <summary>
        /// Gets Id
        /// </summary>
        [Required]
        [JsonProperty(PropertyName="id")]
        public long Id { get; }

        public override bool Equals(object obj)
        {
            if (obj is null) return false;
            if (ReferenceEquals(this, obj)) return true;
            return obj.GetType() == GetType() && Equals((Pet)obj);
        }

        public bool Equals(Pet other)
        {
            if (other is null) return false;
            if (ReferenceEquals(this, other)) return true;

            return (
                Name == other.Name ||
                Name != null &&
                Name.Equals(other.Name)
            ) && (
                Tag == other.Tag ||
                Tag != null &&
                Tag.Equals(other.Tag)
            ) && (
                Id == other.Id ||
                Id != null &&
                Id.Equals(other.Id)
            );
        }

        /// <summary>
        /// Gets the hash code
        /// </summary>
        /// <returns>Hash code</returns>
        public override int GetHashCode()
        {
            unchecked // Overflow is fine, just wrap
            {
                var hashCode = 41;
                if (Name != null)
                    hashCode = hashCode * 59 + Name.GetHashCode();
                if (Tag != null)
                    hashCode = hashCode * 59 + Tag.GetHashCode();
                if (Id != null)
                    hashCode = hashCode * 59 + Id.GetHashCode();
                return hashCode;
            }
        }
    }
}
