/*
 * Nullable vs Optional
 *
 * A sample API that demonstrates the difference between nullable and optional properties
 *
 * OpenAPI spec version: 1.0.0
 * 
 * Generated by: https://principle.tools
 */
#nullable enable
#nullable disable warnings
#pragma warning disable

namespace PS.Controller
{ 
    public static class Operations
    {
        
        /// <param name="searchBody"></param>
        public static async global::System.Threading.Tasks.Task<SearchReturnType> Search(
            this global::System.Net.Http.HttpClient client,
            SearchRequest searchBody,
            global::System.Threading.CancellationToken cancellationToken = default(global::System.Threading.CancellationToken)
        ) => await (await client.SendAsync(Search(searchBody)).ConfigureAwait(false))
            .ParseSearch().ConfigureAwait(false);

        public static global::System.Net.Http.HttpRequestMessage Search(
            SearchRequest searchBody
            )
        {
            var requestMessage = new global::System.Net.Http.HttpRequestMessage(global::System.Net.Http.HttpMethod.Post, "search");
            requestMessage.Content = global::System.Net.Http.Json.JsonContent.Create<SearchRequest>(searchBody, global::System.Net.Http.Headers.MediaTypeHeaderValue.Parse("application/json"));


            return requestMessage;
        }

        public static async global::System.Threading.Tasks.Task<SearchReturnType?> ParseSearch(this global::System.Net.Http.HttpResponseMessage response)
        {
            switch ((int)response.StatusCode)
            { 
                case 200:
                     if (response.Content.Headers.ContentType.MediaType == "application/json") 
                        return new SearchReturnType.Ok
                        {
                            Response = response,
                            Body = await global::System.Text.Json.JsonSerializer.DeserializeAsync<global::System.Collections.Generic.IEnumerable<SearchResponseItem>>(await response.Content.ReadAsStreamAsync()), 
                        };
                    break;
                
                case 400:
                     if (response.Content.Headers.ContentType.MediaType == "application/json") 
                        return new SearchReturnType.BadRequest
                        {
                            Response = response,
                            Body = await global::System.Text.Json.JsonSerializer.DeserializeAsync<Error>(await response.Content.ReadAsStreamAsync()), 
                        };
                    break;
                
            }
            return new SearchReturnType
            {
                Response = response,
            };
        }

        public class SearchReturnType : global::System.IDisposable
        {
            public global::System.Net.Http.HttpResponseMessage Response { get; set; }

            void global::System.IDisposable.Dispose()
            {
                Response?.Dispose();
            }

            
            /// <summary>
            /// List of results
            /// </summary>
            public class Ok : SearchReturnType
            {
                public global::System.Collections.Generic.IEnumerable<SearchResponseItem> Body { get; set; }
                
            }
            
            /// <summary>
            /// An error occurred processing the request
            /// </summary>
            public class BadRequest : SearchReturnType
            {
                public Error Body { get; set; }
                
            }
            
        }
    }
}
