/*
 * Rock Paper Scissors
 *
 * A sample API that uses enums to play rock-paper-scissors
 *
 * OpenAPI spec version: 1.0.0
 * 
 * Generated by: https://principle.tools
 */
#nullable enable
#nullable disable warnings
#pragma warning disable

namespace PS.Controller
{ 
    public static class Operations
    {
        
        /// <param name="playRockPaperScissorsBody"></param>
        public static async global::System.Threading.Tasks.Task<PlayRockPaperScissorsReturnType> PlayRockPaperScissors(
            this global::System.Net.Http.HttpClient client,
            PlayRockPaperScissorsRequest playRockPaperScissorsBody,
            global::System.Threading.CancellationToken cancellationToken = default(global::System.Threading.CancellationToken)
        ) => await (await client.SendAsync(PlayRockPaperScissors(playRockPaperScissorsBody)).ConfigureAwait(false))
            .ParsePlayRockPaperScissors().ConfigureAwait(false);

        public static global::System.Net.Http.HttpRequestMessage PlayRockPaperScissors(
            PlayRockPaperScissorsRequest playRockPaperScissorsBody
            )
        {
            var requestMessage = new global::System.Net.Http.HttpRequestMessage(global::System.Net.Http.HttpMethod.Post, "rock-paper-scissors");
            requestMessage.Content = global::System.Net.Http.Json.JsonContent.Create<PlayRockPaperScissorsRequest>(playRockPaperScissorsBody, global::System.Net.Http.Headers.MediaTypeHeaderValue.Parse("application/json"));


            return requestMessage;
        }

        public static async global::System.Threading.Tasks.Task<PlayRockPaperScissorsReturnType?> ParsePlayRockPaperScissors(this global::System.Net.Http.HttpResponseMessage response)
        {
            switch ((int)response.StatusCode)
            { 
                case 200:
                     if (response.Content.Headers.ContentType.MediaType == "application/json") 
                        return new PlayRockPaperScissorsReturnType.Ok
                        {
                            Response = response,
                            Body = await global::System.Text.Json.JsonSerializer.DeserializeAsync<PlayRockPaperScissorsResponse>(await response.Content.ReadAsStreamAsync()), 
                        };
                    break;
                
                case 409:
                    
                        return new PlayRockPaperScissorsReturnType.Conflict
                        {
                            Response = response,
                        };
                    break;
                
            }
            return new PlayRockPaperScissorsReturnType
            {
                Response = response,
            };
        }

        public class PlayRockPaperScissorsReturnType : global::System.IDisposable
        {
            public global::System.Net.Http.HttpResponseMessage Response { get; set; }

            void global::System.IDisposable.Dispose()
            {
                Response?.Dispose();
            }

            
            /// <summary>
            /// One player won
            /// </summary>
            public class Ok : PlayRockPaperScissorsReturnType
            {
                public PlayRockPaperScissorsResponse Body { get; set; }
                
            }
            
            /// <summary>
            /// Tie
            /// </summary>
            public class Conflict : PlayRockPaperScissorsReturnType
            {
                
            }
            
        }
    }
}
