/*
 * Principle Tech Demo
 *
 * Tech demo for Principle Studios' engineering team
 *
 * OpenAPI spec version: 1.0.0
 * Contact: matt.dekrey@principlestudios.com
 * Generated by: https://principle.tools
 */
#pragma warning disable
#nullable enable
#nullable disable warnings

namespace PS.Controller
{
    public partial record CurrentBatteryState(
        [property: global::System.Text.Json.Serialization.JsonPropertyName("percent")][property: global::System.Text.Json.Serialization.JsonIgnore(Condition = global::System.Text.Json.Serialization.JsonIgnoreCondition.WhenWritingDefault)] global::PrincipleStudios.OpenApiCodegen.Json.Extensions.Optional<double>? Percent, 
        [property: global::System.Text.Json.Serialization.JsonPropertyName("currentCharge")][property: global::System.Text.Json.Serialization.JsonIgnore(Condition = global::System.Text.Json.Serialization.JsonIgnoreCondition.WhenWritingDefault)] global::PrincipleStudios.OpenApiCodegen.Json.Extensions.Optional<double>? CurrentCharge, 
        [property: global::System.Text.Json.Serialization.JsonPropertyName("maxCharge")][property: global::System.Text.Json.Serialization.JsonIgnore(Condition = global::System.Text.Json.Serialization.JsonIgnoreCondition.WhenWritingDefault)] global::PrincipleStudios.OpenApiCodegen.Json.Extensions.Optional<double>? MaxCharge
    );
}
