/*
 * Tree
 *
 * A sample API that demonstrates a tree structure including self-referencing object
 *
 * OpenAPI spec version: 1.0.0
 * 
 * Generated by: https://principle.tools
 */
#nullable enable
#nullable disable warnings
#pragma warning disable

namespace PS.Controller
{ 
    public static class Operations
    {
        
        public static async global::System.Threading.Tasks.Task<GetTreeReturnType> GetTree(
            this global::System.Net.Http.HttpClient client,
                        global::System.Threading.CancellationToken cancellationToken = default(global::System.Threading.CancellationToken)
        ) => await (await client.SendAsync(GetTree()).ConfigureAwait(false))
            .ParseGetTree().ConfigureAwait(false);

        public static global::System.Net.Http.HttpRequestMessage GetTree(
            )
        {
            var requestMessage = new global::System.Net.Http.HttpRequestMessage(global::System.Net.Http.HttpMethod.Post, "tree");


            return requestMessage;
        }

        public static async global::System.Threading.Tasks.Task<GetTreeReturnType?> ParseGetTree(this global::System.Net.Http.HttpResponseMessage response)
        {
            switch ((int)response.StatusCode)
            { 
                case 200:
                     if (response.Content.Headers.ContentType.MediaType == "application/json") 
                        return new GetTreeReturnType.Ok
                        {
                            Response = response,
                            Body = await global::System.Text.Json.JsonSerializer.DeserializeAsync<Node>(await response.Content.ReadAsStreamAsync()), 
                        };
                    break;
                
            }
            return new GetTreeReturnType
            {
                Response = response,
            };
        }

        public class GetTreeReturnType : global::System.IDisposable
        {
            public global::System.Net.Http.HttpResponseMessage Response { get; set; }

            void global::System.IDisposable.Dispose()
            {
                Response?.Dispose();
            }

            
            /// <summary>
            /// A tree
            /// </summary>
            public class Ok : GetTreeReturnType
            {
                public Node Body { get; set; }
                
            }
            
        }
    }
}
