/*
 * Swagger Petstore
 *
 * This is a sample server Petstore server.  You can find out more about Swagger at [http://swagger.io](http://swagger.io) or on [irc.freenode.net, #swagger](http://swagger.io/irc/).  For this sample, you can use the api key `special-key` to test the authorization filters.
 *
 * OpenAPI spec version: 1.0.0
 * Contact: apiteam@swagger.io
 * Generated by: https://principle.tools
 */
#pragma warning disable
#nullable enable
#nullable disable warnings

namespace PrincipleStudios.Test
{
    public partial record User(
        [property: global::System.Text.Json.Serialization.JsonPropertyName("id")] long? Id, 
    
        [property: global::System.Text.Json.Serialization.JsonPropertyName("username")] string? Username, 
    
        [property: global::System.Text.Json.Serialization.JsonPropertyName("firstName")] string? FirstName, 
    
        [property: global::System.Text.Json.Serialization.JsonPropertyName("lastName")] string? LastName, 
    
        [property: global::System.Text.Json.Serialization.JsonPropertyName("email")] string? Email, 
    
        [property: global::System.Text.Json.Serialization.JsonPropertyName("password")] string? Password, 
    
        [property: global::System.Text.Json.Serialization.JsonPropertyName("phone")] string? Phone, 
    
        [property: global::System.Text.Json.Serialization.JsonPropertyName("userStatus")] int? UserStatus
    );
}
